SQL> -- Generated by Oracle SQL Developer Data Modeler 21.4.1.349.1605
SQL> --   at:        2022-04-27 14:26:09 AEST
SQL> --   site:      Oracle Database 12c
SQL> --   type:      Oracle Database 12c
SQL> 
SQL> 
SQL> 
SQL> DROP TABLE cabin CASCADE CONSTRAINTS;

Error starting at line : 13 in command -
DROP TABLE cabin CASCADE CONSTRAINTS
Error report -
ORA-00942: table or view does not exist
00942. 00000 -  "table or view does not exist"
*Cause:    
*Action:
SQL> 
SQL> DROP TABLE cruiseroute CASCADE CONSTRAINTS;

Error starting at line : 15 in command -
DROP TABLE cruiseroute CASCADE CONSTRAINTS
Error report -
ORA-00942: table or view does not exist
00942. 00000 -  "table or view does not exist"
*Cause:    
*Action:
SQL> 
SQL> DROP TABLE manifest CASCADE CONSTRAINTS;

Error starting at line : 17 in command -
DROP TABLE manifest CASCADE CONSTRAINTS
Error report -
ORA-00942: table or view does not exist
00942. 00000 -  "table or view does not exist"
*Cause:    
*Action:
SQL> 
SQL> DROP TABLE operator CASCADE CONSTRAINTS;

Error starting at line : 19 in command -
DROP TABLE operator CASCADE CONSTRAINTS
Error report -
ORA-00942: table or view does not exist
00942. 00000 -  "table or view does not exist"
*Cause:    
*Action:
SQL> 
SQL> DROP TABLE participant_report CASCADE CONSTRAINTS;

Error starting at line : 21 in command -
DROP TABLE participant_report CASCADE CONSTRAINTS
Error report -
ORA-00942: table or view does not exist
00942. 00000 -  "table or view does not exist"
*Cause:    
*Action:
SQL> 
SQL> DROP TABLE passenger CASCADE CONSTRAINTS;

Error starting at line : 23 in command -
DROP TABLE passenger CASCADE CONSTRAINTS
Error report -
ORA-00942: table or view does not exist
00942. 00000 -  "table or view does not exist"
*Cause:    
*Action:
SQL> 
SQL> DROP TABLE passenger_payment CASCADE CONSTRAINTS;

Error starting at line : 25 in command -
DROP TABLE passenger_payment CASCADE CONSTRAINTS
Error report -
ORA-00942: table or view does not exist
00942. 00000 -  "table or view does not exist"
*Cause:    
*Action:
SQL> 
SQL> DROP TABLE port CASCADE CONSTRAINTS;

Error starting at line : 27 in command -
DROP TABLE port CASCADE CONSTRAINTS
Error report -
ORA-00942: table or view does not exist
00942. 00000 -  "table or view does not exist"
*Cause:    
*Action:
SQL> 
SQL> DROP TABLE ship CASCADE CONSTRAINTS;

Error starting at line : 29 in command -
DROP TABLE ship CASCADE CONSTRAINTS
Error report -
ORA-00942: table or view does not exist
00942. 00000 -  "table or view does not exist"
*Cause:    
*Action:
SQL> 
SQL> DROP TABLE temp CASCADE CONSTRAINTS;

Error starting at line : 31 in command -
DROP TABLE temp CASCADE CONSTRAINTS
Error report -
ORA-00942: table or view does not exist
00942. 00000 -  "table or view does not exist"
*Cause:    
*Action:
SQL> 
SQL> DROP TABLE tour CASCADE CONSTRAINTS;

Error starting at line : 33 in command -
DROP TABLE tour CASCADE CONSTRAINTS
Error report -
ORA-00942: table or view does not exist
00942. 00000 -  "table or view does not exist"
*Cause:    
*Action:
SQL> 
SQL> DROP TABLE worldcruise CASCADE CONSTRAINTS;

Error starting at line : 35 in command -
DROP TABLE worldcruise CASCADE CONSTRAINTS
Error report -
ORA-00942: table or view does not exist
00942. 00000 -  "table or view does not exist"
*Cause:    
*Action:
SQL> 
SQL> -- predefined type, no DDL - MDSYS.SDO_GEOMETRY
SQL> 
SQL> -- predefined type, no DDL - XMLTYPE
SQL> 
SQL> CREATE TABLE cabin (
  2      cabin_no       NUMBER(6) NOT NULL,
  3      cabin_class    CHAR(1) NOT NULL,
  4      ship_code      VARCHAR2(10) NOT NULL,
  5      manifest_id    NUMBER(6) NOT NULL,
  6      cabin_id       NUMBER(6) NOT NULL,
  7      passenger_id   NUMBER(6) NOT NULL,
  8      cruise_id      NUMBER(6) NOT NULL,
  9      cabin_capacity NUMBER(6) NOT NULL
 10  );

Table CABIN created.

SQL> 
SQL> ALTER TABLE cabin
  2      ADD CHECK ( cabin_class IN ( 'B', 'I', 'O', 'S' ) );

Table CABIN altered.

SQL> 
SQL> COMMENT ON COLUMN cabin.cabin_no IS
  2      'cabin number';

Comment created.

SQL> 
SQL> COMMENT ON COLUMN cabin.cabin_class IS
  2      'cabin class I-interior O-ocean view B-balcony S-suite';

Comment created.

SQL> 
SQL> COMMENT ON COLUMN cabin.ship_code IS
  2      'ship code';

Comment created.

SQL> 
SQL> COMMENT ON COLUMN cabin.manifest_id IS
  2      'manifest id';

Comment created.

SQL> 
SQL> COMMENT ON COLUMN cabin.cabin_id IS
  2      'cabin id (surrogate pk)';

Comment created.

SQL> 
SQL> COMMENT ON COLUMN cabin.passenger_id IS
  2      'passenger id';

Comment created.

SQL> 
SQL> COMMENT ON COLUMN cabin.cruise_id IS
  2      'cruise''s id';

Comment created.

SQL> 
SQL> COMMENT ON COLUMN cabin.cabin_capacity IS
  2      'cabin capacity';

Comment created.

SQL> 
SQL> ALTER TABLE cabin ADD CONSTRAINT cabin_pk PRIMARY KEY ( cabin_id );

Table CABIN altered.

SQL> 
SQL> ALTER TABLE cabin
  2      ADD CONSTRAINT cabin_uk UNIQUE ( cabin_class,
  3                                       cabin_no,
  4                                       manifest_id,
  5                                       passenger_id,
  6                                       cruise_id,
  7                                       ship_code,
  8                                       cabin_capacity );

Table CABIN altered.

SQL> 
SQL> CREATE TABLE cruiseroute (
  2      cruise_arrival_time DATE NOT NULL,
  3      cruise_depart_time  DATE NOT NULL,
  4      cruise_id           NUMBER(6) NOT NULL,
  5      port_code           VARCHAR2(10) NOT NULL
  6  );

Table CRUISEROUTE created.

SQL> 
SQL> COMMENT ON COLUMN cruiseroute.cruise_arrival_time IS
  2      'cruise arrival time';

Comment created.

SQL> 
SQL> COMMENT ON COLUMN cruiseroute.cruise_depart_time IS
  2      'cruise depart time';

Comment created.

SQL> 
SQL> COMMENT ON COLUMN cruiseroute.cruise_id IS
  2      'cruise''s id';

Comment created.

SQL> 
SQL> ALTER TABLE cruiseroute
  2      ADD CONSTRAINT cruiseroute_pk PRIMARY KEY ( cruise_arrival_time,
  3                                                  cruise_depart_time,
  4                                                  cruise_id );

Table CRUISEROUTE altered.

SQL> 
SQL> CREATE TABLE manifest (
  2      manifest_id   NUMBER(6) NOT NULL,
  3      manifest_time DATE,
  4      passenger_id  NUMBER(6) NOT NULL,
  5      cruise_id     NUMBER(6) NOT NULL
  6  );

Table MANIFEST created.

SQL> 
SQL> COMMENT ON COLUMN manifest.manifest_id IS
  2      'manifest id';

Comment created.

SQL> 
SQL> COMMENT ON COLUMN manifest.manifest_time IS
  2      'manifest time and date';

Comment created.

SQL> 
SQL> COMMENT ON COLUMN manifest.passenger_id IS
  2      'passenger id';

Comment created.

SQL> 
SQL> COMMENT ON COLUMN manifest.cruise_id IS
  2      'cruise''s id';

Comment created.

SQL> 
SQL> ALTER TABLE manifest
  2      ADD CONSTRAINT manifest_pk PRIMARY KEY ( manifest_id,
  3                                               passenger_id,
  4                                               cruise_id );

Table MANIFEST altered.

SQL> 
SQL> CREATE TABLE operator (
  2      operator_id       NUMBER(6) NOT NULL,
  3      operator_name     VARCHAR2(20) NOT NULL,
  4      operator_ceo_name VARCHAR2(20) NOT NULL
  5  );

Table OPERATOR created.

SQL> 
SQL> COMMENT ON COLUMN operator.operator_id IS
  2      'operator id';

Comment created.

SQL> 
SQL> COMMENT ON COLUMN operator.operator_name IS
  2      'operator''s name';

Comment created.

SQL> 
SQL> COMMENT ON COLUMN operator.operator_ceo_name IS
  2      'operator ceo''s name';

Comment created.

SQL> 
SQL> ALTER TABLE operator ADD CONSTRAINT operator_pk PRIMARY KEY ( operator_id );

Table OPERATOR altered.

SQL> 
SQL> CREATE TABLE participant_report (
  2      date_generated DATE NOT NULL,
  3      tour_no        NUMBER(6) NOT NULL,
  4      port_code      VARCHAR2(10) NOT NULL
  5  );

Table PARTICIPANT_REPORT created.

SQL> 
SQL> COMMENT ON COLUMN participant_report.date_generated IS
  2      'report generated date';

Comment created.

SQL> 
SQL> ALTER TABLE participant_report
  2      ADD CONSTRAINT participant_report_pk PRIMARY KEY ( date_generated,
  3                                                         tour_no,
  4                                                         port_code );

Table PARTICIPANT_REPORT altered.

SQL> 
SQL> CREATE TABLE passenger (
  2      passenger_id        NUMBER(6) NOT NULL,
  3      passenger_firstname VARCHAR2(15) NOT NULL,
  4      passenger_lastname  VARCHAR2(15) NOT NULL,
  5      passenger_gender    CHAR(1) NOT NULL,
  6      passenger_dob       DATE NOT NULL,
  7      passenger_street_no VARCHAR2(50) NOT NULL,
  8      passenger_town      VARCHAR2(15) NOT NULL,
  9      passenger_postcode  NUMBER(10) NOT NULL,
 10      passenger_country   VARCHAR2(15) NOT NULL,
 11      passenger_phone_no  NUMBER(15)
 12  );

Table PASSENGER created.

SQL> 
SQL> ALTER TABLE passenger
  2      ADD CHECK ( passenger_gender IN ( 'M', 'O', 'W' ) );

Table PASSENGER altered.

SQL> 
SQL> COMMENT ON COLUMN passenger.passenger_id IS
  2      'passenger id';

Comment created.

SQL> 
SQL> COMMENT ON COLUMN passenger.passenger_firstname IS
  2      'passenger''s firstname';

Comment created.

SQL> 
SQL> COMMENT ON COLUMN passenger.passenger_lastname IS
  2      'passenger''s lastname';

Comment created.

SQL> 
SQL> COMMENT ON COLUMN passenger.passenger_gender IS
  2      'passenger''s gender M-man W-woman O-other';

Comment created.

SQL> 
SQL> COMMENT ON COLUMN passenger.passenger_dob IS
  2      'passenger''s dob';

Comment created.

SQL> 
SQL> COMMENT ON COLUMN passenger.passenger_street_no IS
  2      'passenger''s street number';

Comment created.

SQL> 
SQL> COMMENT ON COLUMN passenger.passenger_town IS
  2      'passenger''s town';

Comment created.

SQL> 
SQL> COMMENT ON COLUMN passenger.passenger_postcode IS
  2      'passenger''s postcode';

Comment created.

SQL> 
SQL> COMMENT ON COLUMN passenger.passenger_country IS
  2      'passenger''s country';

Comment created.

SQL> 
SQL> COMMENT ON COLUMN passenger.passenger_phone_no IS
  2      'passenger''s phone number';

Comment created.

SQL> 
SQL> ALTER TABLE passenger ADD CONSTRAINT passenger_pk PRIMARY KEY ( passenger_id );

Table PASSENGER altered.

SQL> 
SQL> CREATE TABLE passenger_payment (
  2      passenger_id     NUMBER(6) NOT NULL,
  3      spoken_lang      VARCHAR2(2) NOT NULL,
  4      payment_received VARCHAR2(5) NOT NULL
  5  );

Table PASSENGER_PAYMENT created.

SQL> 
SQL> COMMENT ON COLUMN passenger_payment.passenger_id IS
  2      'passenger id';

Comment created.

SQL> 
SQL> COMMENT ON COLUMN passenger_payment.spoken_lang IS
  2      'passenger''s spoken language';

Comment created.

SQL> 
SQL> COMMENT ON COLUMN passenger_payment.payment_received IS
  2      'payment received';

Comment created.

SQL> 
SQL> ALTER TABLE passenger_payment ADD CONSTRAINT passenger_payment_pk PRIMARY KEY ( passenger_id );

Table PASSENGER_PAYMENT altered.

SQL> 
SQL> CREATE TABLE port (
  2      port_code       VARCHAR2(10) NOT NULL,
  3      port_name       VARCHAR2(20) NOT NULL,
  4      country_code    VARCHAR2(2) NOT NULL,
  5      port_population NUMBER(10) NOT NULL,
  6      port_longitude  NUMBER(10) NOT NULL,
  7      port_latitude   NUMBER(10) NOT NULL
  8  );

Table PORT created.

SQL> 
SQL> COMMENT ON COLUMN port.port_name IS
  2      'port''s name';

Comment created.

SQL> 
SQL> COMMENT ON COLUMN port.country_code IS
  2      'country code';

Comment created.

SQL> 
SQL> COMMENT ON COLUMN port.port_population IS
  2      'port''s population';

Comment created.

SQL> 
SQL> COMMENT ON COLUMN port.port_longitude IS
  2      'port''s longitude';

Comment created.

SQL> 
SQL> COMMENT ON COLUMN port.port_latitude IS
  2      'port''s latitude';

Comment created.

SQL> 
SQL> ALTER TABLE port ADD CONSTRAINT port_pk PRIMARY KEY ( port_code );

Table PORT altered.

SQL> 
SQL> CREATE TABLE ship (
  2      ship_code               VARCHAR2(10) NOT NULL,
  3      ship_name               VARCHAR2(20) NOT NULL,
  4      ship_commissioned_date  DATE NOT NULL,
  5      ship_tonnage            NUMBER(10) NOT NULL,
  6      ship_guest_capacity     NUMBER(10) NOT NULL,
  7      ship_registered_country VARCHAR2(10) NOT NULL,
  8      operator_id             NUMBER(6) NOT NULL
  9  );

Table SHIP created.

SQL> 
SQL> COMMENT ON COLUMN ship.ship_code IS
  2      'ship code';

Comment created.

SQL> 
SQL> COMMENT ON COLUMN ship.ship_name IS
  2      'ship''s name';

Comment created.

SQL> 
SQL> COMMENT ON COLUMN ship.ship_commissioned_date IS
  2      'ship commissioned date';

Comment created.

SQL> 
SQL> COMMENT ON COLUMN ship.ship_tonnage IS
  2      'tonnage of ship';

Comment created.

SQL> 
SQL> COMMENT ON COLUMN ship.ship_guest_capacity IS
  2      'guest capacity of ship';

Comment created.

SQL> 
SQL> COMMENT ON COLUMN ship.ship_registered_country IS
  2      'ship Registered Country';

Comment created.

SQL> 
SQL> COMMENT ON COLUMN ship.operator_id IS
  2      'operator id';

Comment created.

SQL> 
SQL> ALTER TABLE ship ADD CONSTRAINT ship_pk PRIMARY KEY ( ship_code );

Table SHIP altered.

SQL> 
SQL> CREATE TABLE temp (
  2      port_code  VARCHAR2(10) NOT NULL,
  3      temp_month NUMBER(2) NOT NULL,
  4      temp_high  NUMBER(2) NOT NULL,
  5      temp_low   NUMBER(2) NOT NULL
  6  );

Table TEMP created.

SQL> 
SQL> COMMENT ON COLUMN temp.temp_month IS
  2      'month of temperature';

Comment created.

SQL> 
SQL> COMMENT ON COLUMN temp.temp_high IS
  2      'highest temperature';

Comment created.

SQL> 
SQL> COMMENT ON COLUMN temp.temp_low IS
  2      'lowest temperature ';

Comment created.

SQL> 
SQL> ALTER TABLE temp ADD CONSTRAINT temp_pk PRIMARY KEY ( temp_month,
  2                                                        port_code );

Table TEMP altered.

SQL> 
SQL> CREATE TABLE tour (
  2      port_code              VARCHAR2(10) NOT NULL,
  3      tour_no                NUMBER(6) NOT NULL,
  4      tour_name              VARCHAR2(20) NOT NULL,
  5      tour_description       VARCHAR2(50) NOT NULL,
  6      tour_hrs_required      NUMBER(2) NOT NULL,
  7      tour_costpp            NUMBER(6) NOT NULL,
  8      tour_wheelchair_access CHAR(1),
  9      tour_avaliability      NUMBER(5) NOT NULL,
 10      tour_start             VARCHAR2(10) NOT NULL
 11  );

Table TOUR created.

SQL> 
SQL> ALTER TABLE tour
  2      ADD CHECK ( tour_wheelchair_access IN ( 'N', 'Y' ) );

Table TOUR altered.

SQL> 
SQL> COMMENT ON COLUMN tour.tour_name IS
  2      'name of tour';

Comment created.

SQL> 
SQL> COMMENT ON COLUMN tour.tour_description IS
  2      'description of tour';

Comment created.

SQL> 
SQL> COMMENT ON COLUMN tour.tour_hrs_required IS
  2      'tour hours required';

Comment created.

SQL> 
SQL> COMMENT ON COLUMN tour.tour_costpp IS
  2      'tour cost per person';

Comment created.

SQL> 
SQL> COMMENT ON COLUMN tour.tour_wheelchair_access IS
  2      'tour wheelchair access Y-yes N-no';

Comment created.

SQL> 
SQL> COMMENT ON COLUMN tour.tour_avaliability IS
  2      'tour avaliability slot left';

Comment created.

SQL> 
SQL> COMMENT ON COLUMN tour.tour_start IS
  2      'tour start';

Comment created.

SQL> 
SQL> ALTER TABLE tour ADD CONSTRAINT tour_pk PRIMARY KEY ( tour_no,
  2                                                        port_code );

Table TOUR altered.

SQL> 
SQL> CREATE TABLE worldcruise (
  2      cruise_id          NUMBER(6) NOT NULL,
  3      cruise_description VARCHAR2(50) NOT NULL,
  4      cruise_name        VARCHAR2(20) NOT NULL,
  5      port_code          VARCHAR2(10),
  6      ship_code          VARCHAR2(10) NOT NULL
  7  );

Table WORLDCRUISE created.

SQL> 
SQL> COMMENT ON COLUMN worldcruise.cruise_id IS
  2      'cruise''s id';

Comment created.

SQL> 
SQL> COMMENT ON COLUMN worldcruise.cruise_description IS
  2      'cruise description';

Comment created.

SQL> 
SQL> COMMENT ON COLUMN worldcruise.cruise_name IS
  2      'cruise''s name';

Comment created.

SQL> 
SQL> COMMENT ON COLUMN worldcruise.ship_code IS
  2      'ship code';

Comment created.

SQL> 
SQL> ALTER TABLE worldcruise ADD CONSTRAINT worldcruise_pk PRIMARY KEY ( cruise_id );

Table WORLDCRUISE altered.

SQL> 
SQL> ALTER TABLE cabin
  2      ADD CONSTRAINT manifest_cabin FOREIGN KEY ( manifest_id,
  3                                                  passenger_id,
  4                                                  cruise_id )
  5          REFERENCES manifest ( manifest_id,
  6                                passenger_id,
  7                                cruise_id );

Table CABIN altered.

SQL> 
SQL> ALTER TABLE manifest
  2      ADD CONSTRAINT manifest_passenger FOREIGN KEY ( passenger_id )
  3          REFERENCES passenger ( passenger_id );

Table MANIFEST altered.

SQL> 
SQL> ALTER TABLE ship
  2      ADD CONSTRAINT operator_ship FOREIGN KEY ( operator_id )
  3          REFERENCES operator ( operator_id );

Table SHIP altered.

SQL> 
SQL> ALTER TABLE passenger_payment
  2      ADD CONSTRAINT passenger_passengerpayment FOREIGN KEY ( passenger_id )
  3          REFERENCES passenger ( passenger_id );

Table PASSENGER_PAYMENT altered.

SQL> 
SQL> ALTER TABLE temp
  2      ADD CONSTRAINT port_temp FOREIGN KEY ( port_code )
  3          REFERENCES port ( port_code );

Table TEMP altered.

SQL> 
SQL> ALTER TABLE tour
  2      ADD CONSTRAINT port_tour FOREIGN KEY ( port_code )
  3          REFERENCES port ( port_code );

Table TOUR altered.

SQL> 
SQL> ALTER TABLE cruiseroute
  2      ADD CONSTRAINT relation_15 FOREIGN KEY ( port_code )
  3          REFERENCES port ( port_code );

Table CRUISEROUTE altered.

SQL> 
SQL> ALTER TABLE worldcruise
  2      ADD CONSTRAINT relation_7 FOREIGN KEY ( port_code )
  3          REFERENCES port ( port_code );

Table WORLDCRUISE altered.

SQL> 
SQL> ALTER TABLE cabin
  2      ADD CONSTRAINT ship_cabin FOREIGN KEY ( ship_code )
  3          REFERENCES ship ( ship_code );

Table CABIN altered.

SQL> 
SQL> ALTER TABLE worldcruise
  2      ADD CONSTRAINT ship_worldcruise FOREIGN KEY ( ship_code )
  3          REFERENCES ship ( ship_code );

Table WORLDCRUISE altered.

SQL> 
SQL> ALTER TABLE participant_report
  2      ADD CONSTRAINT tour_participantreport FOREIGN KEY ( tour_no,
  3                                                          port_code )
  4          REFERENCES tour ( tour_no,
  5                            port_code );

Table PARTICIPANT_REPORT altered.

SQL> 
SQL> ALTER TABLE cruiseroute
  2      ADD CONSTRAINT worldcruise_cruiseroute FOREIGN KEY ( cruise_id )
  3          REFERENCES worldcruise ( cruise_id );

Table CRUISEROUTE altered.

SQL> 
SQL> ALTER TABLE manifest
  2      ADD CONSTRAINT worldcruise_manifest FOREIGN KEY ( cruise_id )
  3          REFERENCES worldcruise ( cruise_id );

Table MANIFEST altered.

SQL> 
SQL> 
SQL> 
SQL> -- Oracle SQL Developer Data Modeler Summary Report: 
SQL> -- 
SQL> -- CREATE TABLE                            12
SQL> -- CREATE INDEX                             0
SQL> -- ALTER TABLE                             29
SQL> -- CREATE VIEW                              0
SQL> -- ALTER VIEW                               0
SQL> -- CREATE PACKAGE                           0
SQL> -- CREATE PACKAGE BODY                      0
SQL> -- CREATE PROCEDURE                         0
SQL> -- CREATE FUNCTION                          0
SQL> -- CREATE TRIGGER                           0
SQL> -- ALTER TRIGGER                            0
SQL> -- CREATE COLLECTION TYPE                   0
SQL> -- CREATE STRUCTURED TYPE                   0
SQL> -- CREATE STRUCTURED TYPE BODY              0
SQL> -- CREATE CLUSTER                           0
SQL> -- CREATE CONTEXT                           0
SQL> -- CREATE DATABASE                          0
SQL> -- CREATE DIMENSION                         0
SQL> -- CREATE DIRECTORY                         0
SQL> -- CREATE DISK GROUP                        0
SQL> -- CREATE ROLE                              0
SQL> -- CREATE ROLLBACK SEGMENT                  0
SQL> -- CREATE SEQUENCE                          0
SQL> -- CREATE MATERIALIZED VIEW                 0
SQL> -- CREATE MATERIALIZED VIEW LOG             0
SQL> -- CREATE SYNONYM                           0
SQL> -- CREATE TABLESPACE                        0
SQL> -- CREATE USER                              0
SQL> -- 
SQL> -- DROP TABLESPACE                          0
SQL> -- DROP DATABASE                            0
SQL> -- 
SQL> -- REDACTION POLICY                         0
SQL> -- TSDP POLICY                              0
SQL> -- 
SQL> -- ORDS DROP SCHEMA                         0
SQL> -- ORDS ENABLE SCHEMA                       0
SQL> -- ORDS ENABLE OBJECT                       0
SQL> -- 
SQL> -- ERRORS                                   0
SQL> -- WARNINGS                                 0
